[04May2026 00:00:56.084] [Server thread/INFO] [net.minecraft.server.players.PlayerList/]: Bascap[/127.200.14.178:40189] logged in with entity id 18880 at (2861.4215859183905, 64.0, 3938.1807076987143)
[04May2026 00:00:56.123] [Server thread/INFO] [net.minecraft.server.MinecraftServer/]: Bascap joined the game
[04May2026 00:00:56.267] [Server thread/INFO] [fallingtrees | Config/]: Sending common config 'fallingtrees:fallingtrees_common' to Bascap
[04May2026 00:00:58.146] [Netty Epoll Server IO #0/INFO] [fallingtrees | Config/]: Received client config 'fallingtrees:fallingtrees_client' from Bascap
[04May2026 00:04:40.634] [Server thread/WARN] [net.minecraft.server.level.ServerPlayerGameMode/]: Mismatch in destroy block pos: BlockPos{x=2826, y=68, z=4073} BlockPos{x=2826, y=66, z=4073}
[04May2026 00:06:06.291] [Server thread/WARN] [net.minecraft.server.network.ServerGamePacketListenerImpl/]: Bascap moved too quickly! -11.638381690480855,1.1629447900881473,4.803382146525109
[04May2026 00:06:59.336] [Server thread/INFO] [net.minecraft.server.MinecraftServer/]: alejo has made the advancement [Bark Off]
[04May2026 00:07:00.840] [Server thread/INFO] [net.minecraft.server.MinecraftServer/]: [ALEJANDROZL1: Set the time to 1000]
[04May2026 00:09:41.184] [Server thread/INFO] [net.minecraft.server.MinecraftServer/]: [Bascap: Teleported alejo to 2870.500000, 90.000000, 3948.500000]
[04May2026 00:14:28.998] [Server thread/WARN] [net.minecraft.server.MinecraftServer/]: Can't keep up! Is the server overloaded? Running 2002ms or 40 ticks behind
[04May2026 00:14:41.846] [Server thread/INFO] [net.minecraft.server.MinecraftServer/]: alejo has made the advancement [Blossoming Discoveries]
[04May2026 00:14:51.389] [Server thread/WARN] [net.minecraft.server.MinecraftServer/]: Can't keep up! Is the server overloaded? Running 7393ms or 147 ticks behind
[04May2026 00:15:11.521] [Server thread/WARN] [net.minecraft.server.MinecraftServer/]: Can't keep up! Is the server overloaded? Running 5176ms or 103 ticks behind
[04May2026 00:15:34.408] [Server thread/WARN] [net.minecraft.server.MinecraftServer/]: Can't keep up! Is the server overloaded? Running 7912ms or 158 ticks behind
[04May2026 00:15:52.940] [Server thread/WARN] [net.minecraft.server.MinecraftServer/]: Can't keep up! Is the server overloaded? Running 3544ms or 70 ticks behind
[04May2026 00:16:34.004] [Server thread/WARN] [net.minecraft.server.MinecraftServer/]: Can't keep up! Is the server overloaded? Running 2008ms or 40 ticks behind
[04May2026 00:17:11.287] [Server thread/WARN] [net.minecraft.server.network.ServerGamePacketListenerImpl/]: Bascap moved too quickly! -4.622775247847585,1.0244240882136921,-8.882798080355315
[04May2026 00:19:43.340] [Server thread/INFO] [net.minecraft.server.MinecraftServer/]: [Bascap: Teleported alejo to Bascap]
[04May2026 00:21:02.186] [Server thread/INFO] [net.minecraft.server.MinecraftServer/]: [Bascap: Teleported Bascap to ALEJANDROZL1]
[04May2026 00:22:53.785] [Server thread/INFO] [net.minecraft.server.MinecraftServer/]: [ALEJANDROZL1: Set the time to 1000]
[04May2026 00:24:09.250] [Server thread/INFO] [fastsuite/]: Constructed recipe list for minecraft:smelting in 135.9 μs. 213/213 recipes are parallelized.
[04May2026 00:29:31.644] [Server thread/INFO] [net.minecraft.server.MinecraftServer/]: [Bascap: Teleported Bascap to alejo]
[04May2026 00:30:23.784] [Server thread/INFO] [hordes/]: [net.smileycorp.hordes.hordeevent.capability.HordeEvent@5fb306f3]Trying to start horde event on day 20 with nextDay 20 and time 10000
[04May2026 00:30:23.800] [Server thread/INFO] [hordes/]: Applying script hordes:default for event net.smileycorp.hordes.common.event.HordeBuildSpawnDataEvent@33dea311
[04May2026 00:30:23.801] [Server thread/INFO] [hordes/]: Adding entry HordeSpawnEntry[type=entity.minecraft.zombie,weight=35,minDay=0,maxDay=20] to hordespawn on day 10
[04May2026 00:30:23.801] [Server thread/INFO] [hordes/]: Adding entry HordeSpawnEntry[type=entity.minecraft.zombie_villager,weight=1,minDay=0,maxDay=20] to hordespawn on day 10
[04May2026 00:30:23.837] [Server thread/INFO] [hordes/]: Adding entry HordeSpawnEntry[type=entity.minecraft.zombie,weight=35,minDay=0,maxDay=20] to hordespawn on day 20
[04May2026 00:30:23.838] [Server thread/INFO] [hordes/]: Adding entry HordeSpawnEntry[type=entity.minecraft.zombie_villager,weight=1,minDay=0,maxDay=20] to hordespawn on day 20
[04May2026 00:30:23.838] [Server thread/INFO] [hordes/]: Adding entry HordeSpawnEntry[type=entity.minecraft.zombie_horse,weight=3,minDay=20,maxDay=40] to hordespawn on day 20
[04May2026 00:31:13.838] [Server thread/INFO] [hordes/]: Adding entry HordeSpawnEntry[type=entity.minecraft.zombie,weight=35,minDay=0,maxDay=20] to hordespawn on day 20
[04May2026 00:31:13.839] [Server thread/INFO] [hordes/]: Adding entry HordeSpawnEntry[type=entity.minecraft.zombie_villager,weight=1,minDay=0,maxDay=20] to hordespawn on day 20
[04May2026 00:31:13.839] [Server thread/INFO] [hordes/]: Adding entry HordeSpawnEntry[type=entity.minecraft.zombie_horse,weight=3,minDay=20,maxDay=40] to hordespawn on day 20
[04May2026 00:32:03.854] [Server thread/INFO] [hordes/]: Adding entry HordeSpawnEntry[type=entity.minecraft.zombie,weight=35,minDay=0,maxDay=20] to hordespawn on day 20
[04May2026 00:32:03.855] [Server thread/INFO] [hordes/]: Adding entry HordeSpawnEntry[type=entity.minecraft.zombie_villager,weight=1,minDay=0,maxDay=20] to hordespawn on day 20
[04May2026 00:32:03.855] [Server thread/INFO] [hordes/]: Adding entry HordeSpawnEntry[type=entity.minecraft.zombie_horse,weight=3,minDay=20,maxDay=40] to hordespawn on day 20
[04May2026 00:32:36.786] [Server thread/INFO] [net.minecraft.server.MinecraftServer/]: [ALEJANDROZL1: Set the time to 1000]
[04May2026 00:32:53.844] [Server thread/INFO] [hordes/]: Adding entry HordeSpawnEntry[type=entity.minecraft.zombie,weight=35,minDay=0,maxDay=20] to hordespawn on day 20
[04May2026 00:32:53.844] [Server thread/INFO] [hordes/]: Adding entry HordeSpawnEntry[type=entity.minecraft.zombie_villager,weight=1,minDay=0,maxDay=20] to hordespawn on day 20
[04May2026 00:32:53.845] [Server thread/INFO] [hordes/]: Adding entry HordeSpawnEntry[type=entity.minecraft.zombie_horse,weight=3,minDay=20,maxDay=40] to hordespawn on day 20
[04May2026 00:33:43.848] [Server thread/INFO] [hordes/]: Adding entry HordeSpawnEntry[type=entity.minecraft.zombie,weight=35,minDay=0,maxDay=20] to hordespawn on day 20
[04May2026 00:33:43.849] [Server thread/INFO] [hordes/]: Adding entry HordeSpawnEntry[type=entity.minecraft.zombie_villager,weight=1,minDay=0,maxDay=20] to hordespawn on day 20
[04May2026 00:33:43.849] [Server thread/INFO] [hordes/]: Adding entry HordeSpawnEntry[type=entity.minecraft.zombie_horse,weight=3,minDay=20,maxDay=40] to hordespawn on day 20
[04May2026 00:34:33.838] [Server thread/INFO] [hordes/]: Adding entry HordeSpawnEntry[type=entity.minecraft.zombie,weight=35,minDay=0,maxDay=20] to hordespawn on day 20
[04May2026 00:34:33.839] [Server thread/INFO] [hordes/]: Adding entry HordeSpawnEntry[type=entity.minecraft.zombie_villager,weight=1,minDay=0,maxDay=20] to hordespawn on day 20
[04May2026 00:34:33.839] [Server thread/INFO] [hordes/]: Adding entry HordeSpawnEntry[type=entity.minecraft.zombie_horse,weight=3,minDay=20,maxDay=40] to hordespawn on day 20
[04May2026 00:37:22.135] [Server thread/INFO] [net.minecraft.server.network.ServerGamePacketListenerImpl/]: alejo lost connection: Disconnected
[04May2026 00:37:22.136] [Server thread/INFO] [net.minecraft.server.MinecraftServer/]: alejo left the game
[04May2026 00:40:09.630] [Server thread/INFO] [net.minecraft.server.network.ServerLoginPacketListenerImpl/]: com.mojang.authlib.GameProfile@3ba8b14e[id=<null>,name=alejo,properties={},legacy=false] (/127.74.79.239:41173) lost connection: Disconnected
[04May2026 00:42:02.075] [Server thread/INFO] [net.minecraft.server.MinecraftServer/]: [ALEJANDROZL1: Set the time to 1000]
[04May2026 00:48:03.941] [Server thread/INFO] [net.minecraft.server.players.PlayerList/]: alejo[/127.74.79.239:32831] logged in with entity id 295528 at (2914.3659890607746, 70.0, 4196.519130710058)
[04May2026 00:48:03.955] [Server thread/INFO] [net.minecraft.server.MinecraftServer/]: alejo joined the game
[04May2026 00:48:03.994] [Server thread/INFO] [fallingtrees | Config/]: Sending common config 'fallingtrees:fallingtrees_common' to alejo
[04May2026 00:48:05.283] [Netty Epoll Server IO #1/INFO] [fallingtrees | Config/]: Received client config 'fallingtrees:fallingtrees_client' from alejo
[04May2026 00:49:14.971] [Server thread/INFO] [net.minecraft.server.network.ServerGamePacketListenerImpl/]: ALEJANDROZL1 lost connection: Disconnected
[04May2026 00:49:14.972] [Server thread/INFO] [net.minecraft.server.MinecraftServer/]: ALEJANDROZL1 left the game
[04May2026 00:49:41.610] [Server thread/INFO] [net.minecraft.server.MinecraftServer/]: alejo has made the advancement [Mine? Mine? Mine?]
[04May2026 00:50:09.922] [Server thread/INFO] [net.minecraft.server.MinecraftServer/]: [Bascap: Teleported Bascap to Bascap]
[04May2026 00:51:06.461] [Server thread/WARN] [net.minecraft.world.level.entity.PersistentEntitySectionManager/]: UUID of added entity already exists: FallingBlockEntity['Falling Hanging Coconut'/313184, l='ServerLevel[world]', x=2969.50, y=75.00, z=3778.50]
[04May2026 00:51:06.766] [Server thread/WARN] [net.minecraft.server.level.ServerEntity/]: Fetching packet for removed entity ItemEntity['Coconut Slice'/313208, l='ServerLevel[world]', x=2969.27, y=74.37, z=3778.67, removed=DISCARDED]
[04May2026 00:51:20.940] [Server thread/WARN] [net.minecraft.server.level.ServerEntity/]: Fetching packet for removed entity ItemEntity['Coconut Slice'/313208, l='ServerLevel[world]', x=2969.27, y=74.37, z=3778.67, removed=DISCARDED]
[04May2026 00:55:02.595] [Server thread/INFO] [net.minecraft.server.MinecraftServer/]: [Bascap: Gave 20 [Block of Lapis Lazuli] to Bascap]
[04May2026 00:57:29.444] [Server thread/INFO] [net.minecraft.server.MinecraftServer/]: [Bascap: Gave 20 [Acacia Log] to Bascap]
[04May2026 00:57:54.127] [Server thread/WARN] [net.minecraft.server.level.ServerEntity/]: Fetching packet for removed entity ItemEntity['Phantom Membrane'/345733, l='ServerLevel[world]', x=2908.48, y=67.78, z=4192.61, removed=DISCARDED]
[04May2026 00:59:12.384] [Server thread/INFO] [net.minecraft.server.MinecraftServer/]: [Bascap: Set the time to 1000]
[04May2026 00:59:52.044] [Server thread/INFO] [net.minecraft.server.MinecraftServer/]: [Bascap: Removed every effect from Bascap]
[04May2026 01:05:45.528] [Server thread/INFO] [net.minecraft.server.network.ServerGamePacketListenerImpl/]: alejo lost connection: Disconnected
[04May2026 01:05:45.528] [Server thread/INFO] [net.minecraft.server.MinecraftServer/]: alejo left the game
[04May2026 01:06:52.512] [Server thread/INFO] [net.minecraft.server.network.ServerGamePacketListenerImpl/]: Bascap lost connection: Disconnected
[04May2026 01:06:52.513] [Server thread/INFO] [net.minecraft.server.MinecraftServer/]: Bascap left the game
[04May2026 01:08:39.325] [Server thread/INFO] [net.minecraft.server.players.PlayerList/]: ALEJANDROZL1[/127.156.215.92:44547] logged in with entity id 384661 at (2700.376622740837, 66.0, 3990.9560563075597)
[04May2026 01:08:39.357] [Server thread/INFO] [net.minecraft.server.MinecraftServer/]: ALEJANDROZL1 joined the game
[04May2026 01:08:39.407] [Server thread/INFO] [fallingtrees | Config/]: Sending common config 'fallingtrees:fallingtrees_common' to ALEJANDROZL1
[04May2026 01:08:39.565] [Netty Epoll Server IO #3/INFO] [fallingtrees | Config/]: Received client config 'fallingtrees:fallingtrees_client' from ALEJANDROZL1
[04May2026 01:09:25.784] [Server thread/INFO] [net.minecraft.server.players.PlayerList/]: Bascap[/127.200.14.178:54275] logged in with entity id 386500 at (2853.681791581024, 63.0, 3944.8655591389643)
[04May2026 01:09:25.808] [Server thread/INFO] [net.minecraft.server.MinecraftServer/]: Bascap joined the game
[04May2026 01:09:25.881] [Server thread/INFO] [fallingtrees | Config/]: Sending common config 'fallingtrees:fallingtrees_common' to Bascap
[04May2026 01:09:27.212] [Netty Epoll Server IO #5/INFO] [fallingtrees | Config/]: Received client config 'fallingtrees:fallingtrees_client' from Bascap
[04May2026 01:11:01.191] [Server thread/INFO] [net.minecraft.server.MinecraftServer/]: [Bascap: Applied effect Instant Damage to ALEJANDROZL1]
[04May2026 01:11:36.819] [Server thread/INFO] [net.minecraft.server.MinecraftServer/]: [ALEJANDROZL1: Set the time to 1000]
[04May2026 01:11:40.721] [Server thread/INFO] [net.minecraft.server.MinecraftServer/]: [ALEJANDROZL1: Set the weather to clear]
[04May2026 01:13:10.397] [Server thread/INFO] [net.minecraft.server.players.PlayerList/]: alejo[/127.74.79.239:45033] logged in with entity id 402568 at (2910.44155501585, 70.0, 4197.129961964632)
[04May2026 01:13:10.432] [Server thread/INFO] [net.minecraft.server.MinecraftServer/]: alejo joined the game
[04May2026 01:13:10.492] [Server thread/INFO] [fallingtrees | Config/]: Sending common config 'fallingtrees:fallingtrees_common' to alejo
[04May2026 01:13:10.678] [Netty Epoll Server IO #7/INFO] [fallingtrees | Config/]: Received client config 'fallingtrees:fallingtrees_client' from alejo
[04May2026 01:13:11.147] [Server thread/WARN] [net.minecraft.server.level.ServerEntity/]: Fetching packet for removed entity ItemEntity['Phantom Membrane'/345733, l='ServerLevel[world]', x=2908.48, y=67.78, z=4192.61, removed=DISCARDED]
[04May2026 01:14:27.984] [Server thread/INFO] [net.minecraft.server.MinecraftServer/]: [Bascap: Teleported Bascap to ALEJANDROZL1]
[04May2026 01:14:40.536] [Server thread/INFO] [net.minecraft.server.network.ServerGamePacketListenerImpl/]: alejo lost connection: Timed out
[04May2026 01:14:40.536] [Server thread/INFO] [net.minecraft.server.MinecraftServer/]: alejo left the game
[04May2026 01:14:40.575] [Server thread/WARN] [net.minecraft.network.Connection/]: handleDisconnection() called twice
[04May2026 01:15:15.661] [Server thread/INFO] [net.minecraft.server.network.ServerLoginPacketListenerImpl/]: com.mojang.authlib.GameProfile@31f05492[id=<null>,name=alejo,properties={},legacy=false] (/127.74.79.239:60257) lost connection: Disconnected
[04May2026 01:15:26.087] [Server thread/INFO] [net.minecraft.server.players.PlayerList/]: alejo[/127.74.79.239:60143] logged in with entity id 416280 at (2887.146574190422, 66.0, 4146.430065172796)
[04May2026 01:15:26.099] [Server thread/INFO] [net.minecraft.server.MinecraftServer/]: alejo joined the game
[04May2026 01:15:26.146] [Server thread/INFO] [fallingtrees | Config/]: Sending common config 'fallingtrees:fallingtrees_common' to alejo
[04May2026 01:15:26.380] [Netty Epoll Server IO #4/INFO] [fallingtrees | Config/]: Received client config 'fallingtrees:fallingtrees_client' from alejo
[04May2026 01:15:26.837] [Server thread/WARN] [net.minecraft.server.level.ServerEntity/]: Fetching packet for removed entity ItemEntity['Phantom Membrane'/345733, l='ServerLevel[world]', x=2908.48, y=67.78, z=4192.61, removed=DISCARDED]
[04May2026 01:15:46.726] [Server thread/INFO] [net.minecraft.server.network.ServerGamePacketListenerImpl/]: alejo lost connection: Disconnected
[04May2026 01:15:46.726] [Server thread/INFO] [net.minecraft.server.MinecraftServer/]: alejo left the game
[04May2026 01:16:02.735] [Server thread/INFO] [net.minecraft.server.players.PlayerList/]: alejo[/127.74.79.239:54183] logged in with entity id 420320 at (2891.788298976373, 66.0, 4142.501301908978)
[04May2026 01:16:02.749] [Server thread/INFO] [net.minecraft.server.MinecraftServer/]: alejo joined the game
[04May2026 01:16:02.804] [Server thread/INFO] [fallingtrees | Config/]: Sending common config 'fallingtrees:fallingtrees_common' to alejo
[04May2026 01:16:02.859] [Server thread/WARN] [net.minecraft.server.level.ServerEntity/]: Fetching packet for removed entity ItemEntity['Phantom Membrane'/345733, l='ServerLevel[world]', x=2908.48, y=67.78, z=4192.61, removed=DISCARDED]
[04May2026 01:16:02.970] [Netty Epoll Server IO #7/INFO] [fallingtrees | Config/]: Received client config 'fallingtrees:fallingtrees_client' from alejo
[04May2026 01:16:26.476] [Server thread/INFO] [net.minecraft.server.network.ServerGamePacketListenerImpl/]: alejo lost connection: Disconnected
[04May2026 01:16:26.476] [Server thread/INFO] [net.minecraft.server.MinecraftServer/]: alejo left the game
[04May2026 01:18:37.136] [Server thread/INFO] [net.minecraft.server.players.PlayerList/]: alejo[/127.74.79.239:49411] logged in with entity id 431539 at (2883.919479490256, 70.0, 4123.810576591487)
[04May2026 01:18:37.147] [Server thread/INFO] [net.minecraft.server.MinecraftServer/]: alejo joined the game
[04May2026 01:18:37.207] [Server thread/INFO] [fallingtrees | Config/]: Sending common config 'fallingtrees:fallingtrees_common' to alejo
[04May2026 01:18:37.549] [Server thread/WARN] [net.minecraft.server.level.ServerEntity/]: Fetching packet for removed entity ItemEntity['Phantom Membrane'/345733, l='ServerLevel[world]', x=2908.48, y=67.78, z=4192.61, removed=DISCARDED]
[04May2026 01:18:38.721] [Netty Epoll Server IO #2/INFO] [fallingtrees | Config/]: Received client config 'fallingtrees:fallingtrees_client' from alejo
[04May2026 01:21:54.883] [Server thread/WARN] [net.minecraft.server.level.ServerEntity/]: Fetching packet for removed entity ItemEntity['Phantom Membrane'/345733, l='ServerLevel[world]', x=2908.48, y=67.78, z=4192.61, removed=DISCARDED]
[04May2026 01:22:20.855] [Server thread/INFO] [net.minecraft.server.MinecraftServer/]: [ALEJANDROZL1: Set the time to 1000]
[04May2026 01:22:59.384] [Server thread/INFO] [net.minecraft.server.MinecraftServer/]: [Bascap: Teleported Bascap to ALEJANDROZL1]
[04May2026 01:26:30.820] [Server thread/WARN] [net.minecraft.server.level.ServerEntity/]: Fetching packet for removed entity ItemEntity['Phantom Membrane'/481730, l='ServerLevel[world]', x=2916.57, y=66.00, z=4181.64, removed=DISCARDED]
[04May2026 01:27:47.281] [Server thread/WARN] [net.minecraft.server.level.ServerEntity/]: Fetching packet for removed entity ItemEntity['Phantom Membrane'/481730, l='ServerLevel[world]', x=2916.57, y=66.00, z=4181.64, removed=DISCARDED]
[04May2026 01:27:49.233] [Server thread/WARN] [net.minecraft.server.level.ServerEntity/]: Fetching packet for removed entity ItemEntity['Phantom Membrane'/345733, l='ServerLevel[world]', x=2908.48, y=67.78, z=4192.61, removed=DISCARDED]
[04May2026 01:28:11.946] [Server thread/WARN] [net.minecraft.server.network.ServerGamePacketListenerImpl/]: ALEJANDROZL1 moved too quickly! -8.76601896386319,1.1866870787446828,4.858975949334763
[04May2026 01:29:50.739] [Worker-Main-18/ERROR] [net.minecraft.world.entity.decoration.HangingEntity/]: Hanging entity at invalid position: BlockPos{x=78, y=40, z=556}
[04May2026 01:29:50.744] [Worker-Main-18/ERROR] [net.minecraft.world.entity.decoration.HangingEntity/]: Hanging entity at invalid position: BlockPos{x=79, y=40, z=555}
[04May2026 01:29:50.745] [Worker-Main-18/ERROR] [net.minecraft.world.entity.decoration.HangingEntity/]: Hanging entity at invalid position: BlockPos{x=72, y=40, z=553}
[04May2026 01:29:50.978] [Server thread/INFO] [hordes/]: [net.smileycorp.hordes.hordeevent.capability.HordeEvent@6be78bb6]Trying to start horde event on day 20 with nextDay 20 and time 10000
[04May2026 01:29:50.979] [Server thread/INFO] [hordes/]: Applying script hordes:default for event net.smileycorp.hordes.common.event.HordeBuildSpawnDataEvent@5d8133fc
[04May2026 01:29:50.979] [Server thread/INFO] [hordes/]: Adding entry HordeSpawnEntry[type=entity.minecraft.zombie,weight=35,minDay=0,maxDay=20] to hordespawn on day 10
[04May2026 01:29:50.979] [Server thread/INFO] [hordes/]: Adding entry HordeSpawnEntry[type=entity.minecraft.zombie_villager,weight=1,minDay=0,maxDay=20] to hordespawn on day 10
[04May2026 01:29:51.018] [Server thread/INFO] [hordes/]: Adding entry HordeSpawnEntry[type=entity.minecraft.zombie,weight=35,minDay=0,maxDay=20] to hordespawn on day 20
[04May2026 01:29:51.018] [Server thread/INFO] [hordes/]: Adding entry HordeSpawnEntry[type=entity.minecraft.zombie_villager,weight=1,minDay=0,maxDay=20] to hordespawn on day 20
[04May2026 01:29:51.018] [Server thread/INFO] [hordes/]: Adding entry HordeSpawnEntry[type=entity.minecraft.zombie_horse,weight=3,minDay=20,maxDay=40] to hordespawn on day 20
[04May2026 01:29:51.022] [Worker-Main-18/ERROR] [net.minecraft.world.entity.decoration.HangingEntity/]: Hanging entity at invalid position: BlockPos{x=81, y=40, z=555}
[04May2026 01:29:51.023] [Worker-Main-18/ERROR] [net.minecraft.world.entity.decoration.HangingEntity/]: Hanging entity at invalid position: BlockPos{x=83, y=45, z=555}
[04May2026 01:29:51.024] [Worker-Main-18/ERROR] [net.minecraft.world.entity.decoration.HangingEntity/]: Hanging entity at invalid position: BlockPos{x=82, y=40, z=545}
[04May2026 01:29:54.533] [Worker-Main-14/ERROR] [net.minecraft.world.entity.decoration.HangingEntity/]: Hanging entity at invalid position: BlockPos{x=82, y=45, z=544}
[04May2026 01:30:13.537] [Server thread/INFO] [net.minecraft.server.MinecraftServer/]: [Bascap: Teleported Bascap to ALEJANDROZL1]
[04May2026 01:30:40.538] [Server thread/INFO] [net.minecraft.server.MinecraftServer/]: [ALEJANDROZL1: Set own game mode to Survival Mode]
[04May2026 01:30:40.889] [Server thread/INFO] [hordes/]: Adding entry HordeSpawnEntry[type=entity.minecraft.zombie,weight=35,minDay=0,maxDay=20] to hordespawn on day 20
[04May2026 01:30:40.889] [Server thread/INFO] [hordes/]: Adding entry HordeSpawnEntry[type=entity.minecraft.zombie_villager,weight=1,minDay=0,maxDay=20] to hordespawn on day 20
[04May2026 01:30:40.889] [Server thread/INFO] [hordes/]: Adding entry HordeSpawnEntry[type=entity.minecraft.zombie_horse,weight=3,minDay=20,maxDay=40] to hordespawn on day 20
[04May2026 01:31:04.736] [Server thread/WARN] [net.minecraft.server.level.ServerPlayerGameMode/]: Mismatch in destroy block pos: BlockPos{x=2775, y=65, z=4271} BlockPos{x=2775, y=64, z=4271}
[04May2026 01:31:21.893] [Server thread/WARN] [net.minecraft.server.level.ServerEntity/]: Fetching packet for removed entity ItemEntity['Phantom Membrane'/345733, l='ServerLevel[world]', x=2908.48, y=67.78, z=4192.61, removed=DISCARDED]
[04May2026 01:31:30.967] [Server thread/INFO] [hordes/]: Adding entry HordeSpawnEntry[type=entity.minecraft.zombie,weight=35,minDay=0,maxDay=20] to hordespawn on day 20
[04May2026 01:31:30.968] [Server thread/INFO] [hordes/]: Adding entry HordeSpawnEntry[type=entity.minecraft.zombie_villager,weight=1,minDay=0,maxDay=20] to hordespawn on day 20
[04May2026 01:31:30.968] [Server thread/INFO] [hordes/]: Adding entry HordeSpawnEntry[type=entity.minecraft.zombie_horse,weight=3,minDay=20,maxDay=40] to hordespawn on day 20
[04May2026 01:31:32.651] [Server thread/WARN] [net.minecraft.server.level.ServerEntity/]: Fetching packet for removed entity ItemEntity['Phantom Membrane'/481730, l='ServerLevel[world]', x=2916.57, y=66.00, z=4181.64, removed=DISCARDED]
[04May2026 01:32:20.865] [Server thread/INFO] [hordes/]: Adding entry HordeSpawnEntry[type=entity.minecraft.zombie,weight=35,minDay=0,maxDay=20] to hordespawn on day 20
[04May2026 01:32:20.865] [Server thread/INFO] [hordes/]: Adding entry HordeSpawnEntry[type=entity.minecraft.zombie_villager,weight=1,minDay=0,maxDay=20] to hordespawn on day 20
[04May2026 01:32:20.865] [Server thread/INFO] [hordes/]: Adding entry HordeSpawnEntry[type=entity.minecraft.zombie_horse,weight=3,minDay=20,maxDay=40] to hordespawn on day 20
[04May2026 01:33:10.871] [Server thread/INFO] [hordes/]: Adding entry HordeSpawnEntry[type=entity.minecraft.zombie,weight=35,minDay=0,maxDay=20] to hordespawn on day 20
[04May2026 01:33:10.871] [Server thread/INFO] [hordes/]: Adding entry HordeSpawnEntry[type=entity.minecraft.zombie_villager,weight=1,minDay=0,maxDay=20] to hordespawn on day 20
[04May2026 01:33:10.871] [Server thread/INFO] [hordes/]: Adding entry HordeSpawnEntry[type=entity.minecraft.zombie_horse,weight=3,minDay=20,maxDay=40] to hordespawn on day 20
[04May2026 01:34:00.876] [Server thread/INFO] [hordes/]: Adding entry HordeSpawnEntry[type=entity.minecraft.zombie,weight=35,minDay=0,maxDay=20] to hordespawn on day 20
[04May2026 01:34:00.877] [Server thread/INFO] [hordes/]: Adding entry HordeSpawnEntry[type=entity.minecraft.zombie_villager,weight=1,minDay=0,maxDay=20] to hordespawn on day 20
[04May2026 01:34:00.877] [Server thread/INFO] [hordes/]: Adding entry HordeSpawnEntry[type=entity.minecraft.zombie_horse,weight=3,minDay=20,maxDay=40] to hordespawn on day 20
[04May2026 01:34:09.985] [Server thread/WARN] [net.minecraft.server.level.ServerEntity/]: Fetching packet for removed entity ItemEntity['Phantom Membrane'/538368, l='ServerLevel[world]', x=2849.25, y=60.50, z=3952.75, removed=DISCARDED]
[04May2026 01:34:09.985] [Server thread/WARN] [net.minecraft.server.level.ServerEntity/]: Fetching packet for removed entity ItemEntity['Phantom Membrane'/538368, l='ServerLevel[world]', x=2849.25, y=60.50, z=3952.75, removed=DISCARDED]
[04May2026 01:34:09.985] [Server thread/WARN] [net.minecraft.server.level.ServerEntity/]: Fetching packet for removed entity ItemEntity['Phantom Membrane'/538368, l='ServerLevel[world]', x=2849.25, y=60.50, z=3952.75, removed=DISCARDED]
[04May2026 01:34:18.343] [Server thread/WARN] [net.minecraft.server.network.ServerGamePacketListenerImpl/]: Bascap moved wrongly!
[04May2026 01:35:56.395] [Server thread/WARN] [net.minecraft.server.level.ServerEntity/]: Fetching packet for removed entity ItemEntity['Phantom Membrane'/538368, l='ServerLevel[world]', x=2849.25, y=60.50, z=3952.75, removed=DISCARDED]
[04May2026 01:36:40.880] [Server thread/INFO] [net.minecraft.server.MinecraftServer/]: [Bascap: Removed every effect from 3 targets]
[04May2026 01:36:56.014] [Server thread/INFO] [net.minecraft.server.MinecraftServer/]: [ALEJANDROZL1: Set the time to 1000]
[04May2026 01:37:17.642] [Server thread/WARN] [net.minecraft.server.level.ServerEntity/]: Fetching packet for removed entity ItemEntity['Phantom Membrane'/481730, l='ServerLevel[world]', x=2916.57, y=66.00, z=4181.64, removed=DISCARDED]
[04May2026 01:37:19.289] [Server thread/WARN] [net.minecraft.server.level.ServerEntity/]: Fetching packet for removed entity ItemEntity['Phantom Membrane'/345733, l='ServerLevel[world]', x=2908.48, y=67.78, z=4192.61, removed=DISCARDED]
[04May2026 01:37:55.884] [Server thread/WARN] [net.minecraft.server.level.ServerEntity/]: Fetching packet for removed entity ItemEntity['Phantom Membrane'/538368, l='ServerLevel[world]', x=2849.25, y=60.50, z=3952.75, removed=DISCARDED]
[04May2026 01:39:03.965] [Server thread/WARN] [net.minecraft.server.level.ServerEntity/]: Fetching packet for removed entity ItemEntity['Phantom Membrane'/345733, l='ServerLevel[world]', x=2908.48, y=67.78, z=4192.61, removed=DISCARDED]
[04May2026 01:39:03.965] [Server thread/WARN] [net.minecraft.server.level.ServerEntity/]: Fetching packet for removed entity ItemEntity['Phantom Membrane'/481730, l='ServerLevel[world]', x=2916.57, y=66.00, z=4181.64, removed=DISCARDED]
[04May2026 01:39:20.680] [Server thread/INFO] [net.minecraft.server.MinecraftServer/]: [Bascap: Teleported Bascap to ALEJANDROZL1]
[04May2026 01:39:20.719] [Server thread/WARN] [net.minecraft.server.level.ServerEntity/]: Fetching packet for removed entity ItemEntity['Phantom Membrane'/345733, l='ServerLevel[world]', x=2908.48, y=67.78, z=4192.61, removed=DISCARDED]
[04May2026 01:39:20.724] [Server thread/WARN] [net.minecraft.server.level.ServerEntity/]: Fetching packet for removed entity ItemEntity['Phantom Membrane'/481730, l='ServerLevel[world]', x=2916.57, y=66.00, z=4181.64, removed=DISCARDED]
[04May2026 01:40:14.344] [Server thread/WARN] [net.minecraft.server.level.ServerEntity/]: Fetching packet for removed entity ItemEntity['Phantom Membrane'/538368, l='ServerLevel[world]', x=2849.25, y=60.50, z=3952.75, removed=DISCARDED]
[04May2026 01:40:57.644] [Server thread/WARN] [net.minecraft.server.level.ServerEntity/]: Fetching packet for removed entity ItemEntity['Coconut Slice'/313208, l='ServerLevel[world]', x=2969.27, y=74.37, z=3778.67, removed=DISCARDED]
[04May2026 01:41:05.625] [Server thread/WARN] [net.minecraft.server.level.ServerPlayerGameMode/]: Mismatch in destroy block pos: BlockPos{x=2971, y=64, z=3812} BlockPos{x=2972, y=63, z=3812}
[04May2026 01:41:08.562] [Server thread/WARN] [net.minecraft.world.level.entity.PersistentEntitySectionManager/]: UUID of added entity already exists: FallingBlockEntity['Falling Hanging Coconut'/592032, l='ServerLevel[world]', x=2967.50, y=75.00, z=3779.50]
[04May2026 01:41:09.915] [Server thread/WARN] [net.minecraft.world.level.entity.PersistentEntitySectionManager/]: UUID of added entity already exists: FallingBlockEntity['Falling Hanging Coconut'/592228, l='ServerLevel[world]', x=3005.50, y=69.00, z=3716.50]
[04May2026 01:41:23.164] [Server thread/WARN] [net.minecraft.world.level.entity.PersistentEntitySectionManager/]: UUID of added entity already exists: FallingBlockEntity['Falling Hanging Coconut'/593985, l='ServerLevel[world]', x=3044.50, y=69.00, z=3737.50]
[04May2026 01:41:51.210] [Server thread/WARN] [net.minecraft.world.level.entity.PersistentEntitySectionManager/]: UUID of added entity already exists: FallingBlockEntity['Falling Hanging Coconut'/598070, l='ServerLevel[world]', x=2926.50, y=74.00, z=3744.50]
[04May2026 01:42:13.384] [Server thread/INFO] [net.minecraft.server.network.ServerGamePacketListenerImpl/]: alejo lost connection: Disconnected
[04May2026 01:42:13.384] [Server thread/INFO] [net.minecraft.server.MinecraftServer/]: alejo left the game
[04May2026 01:42:16.559] [Server thread/WARN] [net.minecraft.world.level.entity.PersistentEntitySectionManager/]: UUID of added entity already exists: FallingBlockEntity['Falling Hanging Coconut'/601192, l='ServerLevel[world]', x=2975.50, y=77.00, z=3714.50]
[04May2026 01:42:16.758] [Server thread/WARN] [net.minecraft.world.level.entity.PersistentEntitySectionManager/]: UUID of added entity already exists: FallingBlockEntity['Falling Hanging Coconut'/601205, l='ServerLevel[world]', x=3013.50, y=80.00, z=3776.50]
[04May2026 01:42:17.071] [Server thread/WARN] [net.minecraft.server.level.ServerEntity/]: Fetching packet for removed entity ItemEntity['Coconut Slice'/601230, l='ServerLevel[world]', x=3013.58, y=79.48, z=3776.48, removed=DISCARDED]
[04May2026 01:42:29.041] [Server thread/INFO] [net.minecraft.server.players.PlayerList/]: alejo[/127.74.79.239:54843] logged in with entity id 602211 at (2882.3978795114162, 68.0, 4129.254831098921)
[04May2026 01:42:29.053] [Server thread/INFO] [net.minecraft.server.MinecraftServer/]: alejo joined the game
[04May2026 01:42:29.104] [Server thread/INFO] [fallingtrees | Config/]: Sending common config 'fallingtrees:fallingtrees_common' to alejo
[04May2026 01:42:29.316] [Server thread/WARN] [net.minecraft.server.level.ServerEntity/]: Fetching packet for removed entity ItemEntity['Phantom Membrane'/481730, l='ServerLevel[world]', x=2916.57, y=66.00, z=4181.64, removed=DISCARDED]
[04May2026 01:42:29.398] [Netty Epoll Server IO #4/INFO] [fallingtrees | Config/]: Received client config 'fallingtrees:fallingtrees_client' from alejo
[04May2026 01:42:29.441] [Server thread/WARN] [net.minecraft.server.level.ServerEntity/]: Fetching packet for removed entity ItemEntity['Phantom Membrane'/345733, l='ServerLevel[world]', x=2908.48, y=67.78, z=4192.61, removed=DISCARDED]
[04May2026 01:43:15.394] [Server thread/WARN] [net.minecraft.server.level.ServerEntity/]: Fetching packet for removed entity ItemEntity['Phantom Membrane'/538368, l='ServerLevel[world]', x=2849.25, y=60.50, z=3952.75, removed=DISCARDED]
[04May2026 01:43:16.515] [Server thread/WARN] [net.minecraft.world.level.entity.PersistentEntitySectionManager/]: UUID of added entity already exists: FallingBlockEntity['Falling Hanging Coconut'/608855, l='ServerLevel[world]', x=2925.50, y=73.00, z=3767.50]
[04May2026 01:43:17.884] [Server thread/WARN] [net.minecraft.server.level.ServerEntity/]: Fetching packet for removed entity ItemEntity['Coconut Slice'/609070, l='ServerLevel[world]', x=2925.59, y=60.34, z=3767.40, removed=DISCARDED]
[04May2026 01:43:18.212] [Server thread/WARN] [net.minecraft.world.level.entity.PersistentEntitySectionManager/]: UUID of added entity already exists: FallingBlockEntity['Falling Hanging Coconut'/609122, l='ServerLevel[world]', x=2992.50, y=76.00, z=3741.50]
[04May2026 01:43:18.533] [Server thread/WARN] [net.minecraft.server.level.ServerEntity/]: Fetching packet for removed entity ItemEntity['Coconut Slice'/609183, l='ServerLevel[world]', x=2992.65, y=75.35, z=3741.51, removed=DISCARDED]
[04May2026 01:43:29.339] [Server thread/WARN] [net.minecraft.server.level.ServerEntity/]: Fetching packet for removed entity ItemEntity['Phantom Membrane'/481730, l='ServerLevel[world]', x=2916.57, y=66.00, z=4181.64, removed=DISCARDED]
[04May2026 01:43:29.792] [Server thread/WARN] [net.minecraft.server.level.ServerEntity/]: Fetching packet for removed entity ItemEntity['Phantom Membrane'/345733, l='ServerLevel[world]', x=2908.48, y=67.78, z=4192.61, removed=DISCARDED]
[04May2026 01:43:39.660] [Server thread/WARN] [net.minecraft.world.level.entity.PersistentEntitySectionManager/]: UUID of added entity already exists: FallingBlockEntity['Falling Hanging Coconut'/612080, l='ServerLevel[world]', x=2967.50, y=75.00, z=3778.50]
[04May2026 01:43:40.532] [Server thread/WARN] [net.minecraft.server.level.ServerEntity/]: Fetching packet for removed entity ItemEntity['Coconut Slice'/612183, l='ServerLevel[world]', x=2967.39, y=69.55, z=3778.39, removed=DISCARDED]
[04May2026 01:43:46.335] [Server thread/WARN] [net.minecraft.world.level.entity.PersistentEntitySectionManager/]: UUID of added entity already exists: FallingBlockEntity['Falling Hanging Coconut'/612839, l='ServerLevel[world]', x=3042.50, y=69.00, z=3737.50]
[04May2026 01:43:48.456] [Server thread/WARN] [net.minecraft.world.level.entity.PersistentEntitySectionManager/]: UUID of added entity already exists: FallingBlockEntity['Falling Hanging Coconut'/613064, l='ServerLevel[world]', x=2971.50, y=73.00, z=3733.50]
[04May2026 01:43:49.335] [Server thread/WARN] [net.minecraft.server.level.ServerEntity/]: Fetching packet for removed entity ItemEntity['Coconut Slice'/613160, l='ServerLevel[world]', x=2971.44, y=67.40, z=3733.54, removed=DISCARDED]
[04May2026 01:44:03.059] [Server thread/WARN] [net.minecraft.world.level.entity.PersistentEntitySectionManager/]: UUID of added entity already exists: FallingBlockEntity['Falling Hanging Coconut'/615105, l='ServerLevel[world]', x=2986.50, y=77.00, z=3787.50]
[04May2026 01:44:04.076] [Server thread/WARN] [net.minecraft.server.level.ServerEntity/]: Fetching packet for removed entity ItemEntity['Coconut Slice'/615263, l='ServerLevel[world]', x=2986.58, y=69.61, z=3787.70, removed=DISCARDED]
[04May2026 01:44:07.558] [Server thread/WARN] [net.minecraft.world.level.entity.PersistentEntitySectionManager/]: UUID of added entity already exists: FallingBlockEntity['Falling Hanging Coconut'/615754, l='ServerLevel[world]', x=2927.50, y=73.00, z=3766.50]
[04May2026 01:44:07.871] [Server thread/WARN] [net.minecraft.server.level.ServerEntity/]: Fetching packet for removed entity ItemEntity['Coconut Slice'/615798, l='ServerLevel[world]', x=2927.35, y=72.23, z=3766.72, removed=DISCARDED]
[04May2026 01:44:08.366] [Server thread/INFO] [net.minecraft.server.MinecraftServer/]: Bascap has made the advancement [Mine? Mine? Mine?]
[04May2026 01:44:09.980] [Server thread/WARN] [net.minecraft.server.level.ServerEntity/]: Fetching packet for removed entity ItemEntity['Coconut Slice'/601272, l='ServerLevel[world]', x=2975.41, y=67.47, z=3714.33, removed=DISCARDED]
[04May2026 01:44:18.286] [Server thread/WARN] [net.minecraft.server.level.ServerEntity/]: Fetching packet for removed entity ItemEntity['Phantom Membrane'/538368, l='ServerLevel[world]', x=2849.25, y=60.50, z=3952.75, removed=DISCARDED]
[04May2026 01:44:18.482] [Server thread/WARN] [net.minecraft.server.level.ServerEntity/]: Fetching packet for removed entity ItemEntity['Phantom Membrane'/538368, l='ServerLevel[world]', x=2849.25, y=60.50, z=3952.75, removed=DISCARDED]
[04May2026 01:44:54.892] [Server thread/WARN] [net.minecraft.server.network.ServerGamePacketListenerImpl/]: ALEJANDROZL1 moved wrongly!
[04May2026 01:44:56.083] [Server thread/WARN] [net.minecraft.server.network.ServerGamePacketListenerImpl/]: alejo moved wrongly!
[04May2026 01:44:58.557] [Server thread/WARN] [net.minecraft.world.level.entity.PersistentEntitySectionManager/]: UUID of added entity already exists: FallingBlockEntity['Falling Hanging Coconut'/623066, l='ServerLevel[world]', x=2969.50, y=73.00, z=3735.50]
[04May2026 01:44:58.710] [Server thread/WARN] [net.minecraft.world.level.entity.PersistentEntitySectionManager/]: UUID of added entity already exists: FallingBlockEntity['Falling Hanging Coconut'/623090, l='ServerLevel[world]', x=3010.50, y=72.00, z=3750.50]
[04May2026 01:44:59.260] [Server thread/WARN] [net.minecraft.world.level.entity.PersistentEntitySectionManager/]: UUID of added entity already exists: FallingBlockEntity['Falling Hanging Coconut'/623179, l='ServerLevel[world]', x=2926.50, y=73.00, z=3765.50]
[04May2026 01:44:59.425] [Server thread/WARN] [net.minecraft.server.level.ServerEntity/]: Fetching packet for removed entity ItemEntity['Coconut Slice'/623209, l='ServerLevel[world]', x=2969.28, y=67.54, z=3735.75, removed=DISCARDED]
[04May2026 01:44:59.676] [Server thread/WARN] [net.minecraft.server.level.ServerEntity/]: Fetching packet for removed entity ItemEntity['Coconut Slice'/623245, l='ServerLevel[world]', x=3010.56, y=65.56, z=3750.42, removed=DISCARDED]
[04May2026 01:45:00.436] [Server thread/WARN] [net.minecraft.server.level.ServerEntity/]: Fetching packet for removed entity ItemEntity['Coconut Slice'/623349, l='ServerLevel[world]', x=2926.50, y=63.15, z=3765.44, removed=DISCARDED]
[04May2026 01:45:02.792] [Server thread/WARN] [net.minecraft.server.level.ServerEntity/]: Fetching packet for removed entity ItemEntity['Coconut Slice'/601272, l='ServerLevel[world]', x=2975.41, y=67.47, z=3714.33, removed=DISCARDED]
[04May2026 01:45:07.857] [Server thread/WARN] [net.minecraft.world.level.entity.PersistentEntitySectionManager/]: UUID of added entity already exists: FallingBlockEntity['Falling Hanging Coconut'/624270, l='ServerLevel[world]', x=2995.50, y=76.00, z=3755.50]
[04May2026 01:45:17.010] [Server thread/WARN] [net.minecraft.world.level.entity.PersistentEntitySectionManager/]: UUID of added entity already exists: FallingBlockEntity['Falling Hanging Coconut'/625395, l='ServerLevel[world]', x=3066.50, y=76.00, z=3720.50]
[04May2026 01:45:21.009] [Server thread/WARN] [net.minecraft.world.level.entity.PersistentEntitySectionManager/]: UUID of added entity already exists: FallingBlockEntity['Falling Hanging Coconut'/625852, l='ServerLevel[world]', x=3012.50, y=80.00, z=3776.50]
[04May2026 01:45:22.122] [Server thread/WARN] [net.minecraft.server.level.ServerEntity/]: Fetching packet for removed entity ItemEntity['Coconut Slice'/625986, l='ServerLevel[world]', x=3012.60, y=71.58, z=3776.63, removed=DISCARDED]
[04May2026 01:45:23.807] [Server thread/WARN] [net.minecraft.world.level.entity.PersistentEntitySectionManager/]: UUID of added entity already exists: FallingBlockEntity['Falling Hanging Coconut'/626174, l='ServerLevel[world]', x=2925.50, y=73.00, z=3765.50]
[04May2026 01:45:24.970] [Server thread/WARN] [net.minecraft.server.level.ServerEntity/]: Fetching packet for removed entity ItemEntity['Coconut Slice'/626307, l='ServerLevel[world]', x=2925.57, y=63.41, z=3765.31, removed=DISCARDED]
[04May2026 01:45:29.674] [Server thread/WARN] [net.minecraft.server.level.ServerEntity/]: Fetching packet for removed entity ItemEntity['Coconut Slice'/601272, l='ServerLevel[world]', x=2975.41, y=67.47, z=3714.33, removed=DISCARDED]
[04May2026 01:45:32.158] [Server thread/WARN] [net.minecraft.world.level.entity.PersistentEntitySectionManager/]: UUID of added entity already exists: FallingBlockEntity['Falling Hanging Coconut'/627241, l='ServerLevel[world]', x=2928.50, y=74.00, z=3743.50]
[04May2026 01:45:33.425] [Server thread/WARN] [net.minecraft.server.level.ServerEntity/]: Fetching packet for removed entity ItemEntity['Coconut Slice'/612936, l='ServerLevel[world]', x=3042.26, y=63.15, z=3737.37, removed=DISCARDED]
[04May2026 01:45:33.474] [Server thread/WARN] [net.minecraft.server.level.ServerEntity/]: Fetching packet for removed entity ItemEntity['Coconut Slice'/627413, l='ServerLevel[world]', x=2928.48, y=62.40, z=3743.30, removed=DISCARDED]
[04May2026 01:45:33.522] [Server thread/WARN] [net.minecraft.server.level.ServerEntity/]: Fetching packet for removed entity ItemEntity['Coconut Slice'/592345, l='ServerLevel[world]', x=3005.28, y=63.22, z=3716.52, removed=DISCARDED]
[04May2026 01:45:36.097] [Server thread/WARN] [net.minecraft.server.level.ServerEntity/]: Fetching packet for removed entity ItemEntity['Coconut Slice'/594089, l='ServerLevel[world]', x=3044.50, y=63.44, z=3737.55, removed=DISCARDED]
[04May2026 01:45:48.258] [Server thread/WARN] [net.minecraft.world.level.entity.PersistentEntitySectionManager/]: UUID of added entity already exists: FallingBlockEntity['Falling Hanging Coconut'/629259, l='ServerLevel[world]', x=3011.50, y=73.00, z=3733.50]
[04May2026 01:45:48.572] [Server thread/WARN] [net.minecraft.server.level.ServerEntity/]: Fetching packet for removed entity ItemEntity['Coconut Slice'/629297, l='ServerLevel[world]', x=3011.46, y=72.27, z=3733.32, removed=DISCARDED]
[04May2026 01:45:49.605] [Server thread/WARN] [net.minecraft.world.level.entity.PersistentEntitySectionManager/]: UUID of added entity already exists: FallingBlockEntity['Falling Hanging Coconut'/629420, l='ServerLevel[world]', x=2986.50, y=77.00, z=3786.50]
[04May2026 01:45:50.620] [Server thread/WARN] [net.minecraft.server.level.ServerEntity/]: Fetching packet for removed entity ItemEntity['Coconut Slice'/629547, l='ServerLevel[world]', x=2986.38, y=69.13, z=3786.32, removed=DISCARDED]
[04May2026 01:46:12.812] [Server thread/WARN] [net.minecraft.world.level.entity.PersistentEntitySectionManager/]: UUID of added entity already exists: FallingBlockEntity['Falling Hanging Coconut'/632169, l='ServerLevel[world]', x=2984.50, y=77.00, z=3786.50]
[04May2026 01:46:13.829] [Server thread/WARN] [net.minecraft.server.level.ServerEntity/]: Fetching packet for removed entity ItemEntity['Coconut Slice'/632318, l='ServerLevel[world]', x=2984.35, y=69.53, z=3786.49, removed=DISCARDED]
[04May2026 01:46:15.108] [Server thread/WARN] [net.minecraft.world.level.entity.PersistentEntitySectionManager/]: UUID of added entity already exists: FallingBlockEntity['Falling Hanging Coconut'/632503, l='ServerLevel[world]', x=2998.50, y=77.00, z=3791.50]
[04May2026 01:46:16.909] [Server thread/WARN] [net.minecraft.world.level.entity.PersistentEntitySectionManager/]: UUID of added entity already exists: FallingBlockEntity['Falling Hanging Coconut'/632733, l='ServerLevel[world]', x=2927.50, y=74.00, z=3743.50]
[04May2026 01:46:18.273] [Server thread/WARN] [net.minecraft.server.level.ServerEntity/]: Fetching packet for removed entity ItemEntity['Coconut Slice'/632903, l='ServerLevel[world]', x=2927.75, y=61.49, z=3743.60, removed=DISCARDED]
[04May2026 01:46:18.937] [Server thread/WARN] [net.minecraft.server.level.ServerEntity/]: Fetching packet for removed entity ItemEntity['Coconut Slice'/592345, l='ServerLevel[world]', x=3005.28, y=63.22, z=3716.52, removed=DISCARDED]
[04May2026 01:46:25.931] [Server thread/INFO] [net.minecraft.server.MinecraftServer/]: [Bascap: Teleported Bascap to ALEJANDROZL1]
[04May2026 01:47:48.338] [Server thread/INFO] [net.minecraft.server.MinecraftServer/]: [Bascap: Applied effect Instant Damage to alejo]
[04May2026 01:48:21.412] [Server thread/WARN] [net.minecraft.server.level.ServerEntity/]: Fetching packet for removed entity ItemEntity['Ender Pearl'/647216, l='ServerLevel[world]', x=2714.02, y=66.00, z=4002.97, removed=DISCARDED]
[04May2026 01:48:21.412] [Server thread/WARN] [net.minecraft.server.level.ServerEntity/]: Fetching packet for removed entity ItemEntity['Ender Pearl'/647216, l='ServerLevel[world]', x=2714.02, y=66.00, z=4002.97, removed=DISCARDED]
[04May2026 01:48:21.412] [Server thread/WARN] [net.minecraft.server.level.ServerEntity/]: Fetching packet for removed entity ItemEntity['Ender Pearl'/647216, l='ServerLevel[world]', x=2714.02, y=66.00, z=4002.97, removed=DISCARDED]
[04May2026 01:48:32.927] [Server thread/INFO] [net.minecraft.server.MinecraftServer/]: [Bascap: Summoned new Boss Spawner]
[04May2026 01:48:32.968] [Server thread/INFO] [net.minecraft.server.MinecraftServer/]: Bascap has reached the goal [Unreal Encounter]
[04May2026 01:48:32.969] [Server thread/INFO] [net.minecraft.server.MinecraftServer/]: ALEJANDROZL1 has reached the goal [Unreal Encounter]
[04May2026 01:48:32.970] [Server thread/INFO] [net.minecraft.server.MinecraftServer/]: alejo has reached the goal [Unreal Encounter]
[04May2026 01:49:14.560] [Server thread/WARN] [net.minecraft.server.level.ServerEntity/]: Fetching packet for removed entity ItemEntity['Phantom Membrane'/538368, l='ServerLevel[world]', x=2849.25, y=60.50, z=3952.75, removed=DISCARDED]
[04May2026 01:49:18.337] [Server thread/WARN] [net.minecraft.server.level.ServerEntity/]: Fetching packet for removed entity ItemEntity['Phantom Membrane'/538368, l='ServerLevel[world]', x=2849.25, y=60.50, z=3952.75, removed=DISCARDED]
[04May2026 01:49:31.881] [Server thread/WARN] [net.minecraft.server.level.ServerEntity/]: Fetching packet for removed entity ItemEntity['Ender Pearl'/658184, l='ServerLevel[world]', x=2745.50, y=-22.00, z=3937.50, removed=DISCARDED]
[04May2026 01:49:31.881] [Server thread/WARN] [net.minecraft.server.level.ServerEntity/]: Fetching packet for removed entity ItemEntity['Ender Pearl'/658184, l='ServerLevel[world]', x=2745.50, y=-22.00, z=3937.50, removed=DISCARDED]
[04May2026 01:49:31.884] [Server thread/INFO] [net.minecraft.world.entity.LivingEntity/]: Named entity Zombie['FFFRazorbackFFF'/648661, l='ServerLevel[world]', x=2775.60, y=65.00, z=3998.20] died: FFFRazorbackFFF was killed
[04May2026 01:49:31.884] [Server thread/INFO] [net.minecraft.world.entity.LivingEntity/]: Named entity Zombie['FFFRazorbackFFF'/648662, l='ServerLevel[world]', x=2724.70, y=67.00, z=4014.50] died: FFFRazorbackFFF was killed
[04May2026 01:49:31.885] [Server thread/INFO] [net.minecraft.world.entity.LivingEntity/]: Named entity Zombie['FFFRazorbackFFF'/648663, l='ServerLevel[world]', x=2772.17, y=65.00, z=3997.73] died: FFFRazorbackFFF was killed
[04May2026 01:49:31.885] [Server thread/INFO] [net.minecraft.world.entity.LivingEntity/]: Named entity Zombie['FFFRazorbackFFF'/648673, l='ServerLevel[world]', x=2764.17, y=66.00, z=3998.21] died: FFFRazorbackFFF was killed
[04May2026 01:49:31.886] [Server thread/INFO] [net.minecraft.world.entity.LivingEntity/]: Named entity Zombie['FFFRazorbackFFF'/648674, l='ServerLevel[world]', x=2739.27, y=67.00, z=4008.45] died: FFFRazorbackFFF was killed
[04May2026 01:49:31.886] [Server thread/INFO] [net.minecraft.world.entity.LivingEntity/]: Named entity Zombie['FFFRazorbackFFF'/648675, l='ServerLevel[world]', x=2673.50, y=67.00, z=4022.50] died: FFFRazorbackFFF was killed
[04May2026 01:49:31.887] [Server thread/INFO] [net.minecraft.world.entity.LivingEntity/]: Named entity Zombie['FFFRazorbackFFF'/648681, l='ServerLevel[world]', x=2737.45, y=68.00, z=4016.55] died: FFFRazorbackFFF was killed
[04May2026 01:49:31.887] [Server thread/INFO] [net.minecraft.world.entity.LivingEntity/]: Named entity Zombie['FFFRazorbackFFF'/648682, l='ServerLevel[world]', x=2776.26, y=64.00, z=4008.44] died: FFFRazorbackFFF was killed
[04May2026 01:49:31.887] [Server thread/INFO] [net.minecraft.world.entity.LivingEntity/]: Named entity Zombie['FFFRazorbackFFF'/648683, l='ServerLevel[world]', x=2679.50, y=67.00, z=4016.60] died: FFFRazorbackFFF was killed
[04May2026 01:49:31.891] [Server thread/WARN] [net.minecraft.server.level.ServerEntity/]: Fetching packet for removed entity ItemEntity['Phantom Membrane'/658239, l='ServerLevel[world]', x=2689.48, y=69.00, z=3950.53, removed=DISCARDED]
[04May2026 01:49:31.896] [Server thread/WARN] [net.minecraft.server.level.ServerEntity/]: Fetching packet for removed entity ItemEntity['Ender Pearl'/658276, l='ServerLevel[world]', x=2722.50, y=54.00, z=4058.50, removed=DISCARDED]
[04May2026 01:49:31.900] [Server thread/WARN] [net.minecraft.server.level.ServerEntity/]: Fetching packet for removed entity ItemEntity['Phantom Membrane'/658303, l='ServerLevel[world]', x=2757.50, y=-16.00, z=3934.50, removed=DISCARDED]
[04May2026 01:49:31.900] [Server thread/WARN] [net.minecraft.server.level.ServerEntity/]: Fetching packet for removed entity ItemEntity['Phantom Membrane'/658303, l='ServerLevel[world]', x=2757.50, y=-16.00, z=3934.50, removed=DISCARDED]
[04May2026 01:49:31.909] [Server thread/WARN] [net.minecraft.server.level.ServerEntity/]: Fetching packet for removed entity ItemEntity['Phantom Membrane'/658360, l='ServerLevel[world]', x=2879.50, y=-4.00, z=4021.50, removed=DISCARDED]
[04May2026 01:49:31.909] [Server thread/WARN] [net.minecraft.server.level.ServerEntity/]: Fetching packet for removed entity ItemEntity['Phantom Membrane'/658360, l='ServerLevel[world]', x=2879.50, y=-4.00, z=4021.50, removed=DISCARDED]
[04May2026 01:49:31.911] [Server thread/INFO] [net.minecraft.server.MinecraftServer/]: [Bascap: Killed 126 entities]
[04May2026 01:49:39.383] [Server thread/INFO] [net.minecraft.server.MinecraftServer/]: [Bascap: Teleported alejo to Bascap]
[04May2026 01:49:39.414] [Server thread/WARN] [net.minecraft.server.level.ServerEntity/]: Fetching packet for removed entity ItemEntity['Ender Pearl'/647216, l='ServerLevel[world]', x=2714.02, y=66.00, z=4002.97, removed=DISCARDED]
[04May2026 01:49:39.415] [Server thread/WARN] [net.minecraft.server.level.ServerEntity/]: Fetching packet for removed entity ItemEntity['Ender Pearl'/658276, l='ServerLevel[world]', x=2722.50, y=54.00, z=4058.50, removed=DISCARDED]
[04May2026 01:49:39.415] [Server thread/WARN] [net.minecraft.server.level.ServerEntity/]: Fetching packet for removed entity ItemEntity['Ender Pearl'/658184, l='ServerLevel[world]', x=2745.50, y=-22.00, z=3937.50, removed=DISCARDED]
[04May2026 01:49:39.416] [Server thread/WARN] [net.minecraft.server.level.ServerEntity/]: Fetching packet for removed entity ItemEntity['Phantom Membrane'/658239, l='ServerLevel[world]', x=2689.48, y=69.00, z=3950.53, removed=DISCARDED]
[04May2026 01:49:44.430] [Server thread/INFO] [net.minecraft.server.MinecraftServer/]: [Bascap: Teleported ALEJANDROZL1 to Bascap]
[04May2026 01:49:44.456] [Server thread/WARN] [net.minecraft.server.level.ServerEntity/]: Fetching packet for removed entity ItemEntity['Ender Pearl'/647216, l='ServerLevel[world]', x=2714.02, y=66.00, z=4002.97, removed=DISCARDED]
[04May2026 01:49:44.457] [Server thread/WARN] [net.minecraft.server.level.ServerEntity/]: Fetching packet for removed entity ItemEntity['Ender Pearl'/658276, l='ServerLevel[world]', x=2722.50, y=54.00, z=4058.50, removed=DISCARDED]
[04May2026 01:49:44.457] [Server thread/WARN] [net.minecraft.server.level.ServerEntity/]: Fetching packet for removed entity ItemEntity['Ender Pearl'/658184, l='ServerLevel[world]', x=2745.50, y=-22.00, z=3937.50, removed=DISCARDED]
[04May2026 01:49:44.457] [Server thread/WARN] [net.minecraft.server.level.ServerEntity/]: Fetching packet for removed entity ItemEntity['Phantom Membrane'/658303, l='ServerLevel[world]', x=2757.50, y=-16.00, z=3934.50, removed=DISCARDED]
[04May2026 01:49:44.457] [Server thread/WARN] [net.minecraft.server.level.ServerEntity/]: Fetching packet for removed entity ItemEntity['Phantom Membrane'/658239, l='ServerLevel[world]', x=2689.48, y=69.00, z=3950.53, removed=DISCARDED]
